// Jest Snapshot v1, https://goo.gl/fbAQLP

exports[`Contract 'CardPaymentProcessor' with CashbackController hook connected Scenario with cashback periodic cap Executes as expected 1`] = `
Array [
  Object {
    "args": Array [
      "0x0000000000000000000000000000000000000000000000000000000000000001",
      "payer",
      123456789n,
      132456788n,
      "0x0000000000000000000000000000000000000000",
      0n,
      -1n,
      0n,
    ],
    "balances": Object {
      "tokenMock": Object {
        "cashOutAccount": 0n,
        "cashbackTreasury": 57896044618658097711785492504343953926634992332820282019728792003956552469967n,
        "cc": 0n,
        "cpp": 255913577n,
        "deployer": 0n,
        "executor": 0n,
        "payer": 999756436423n,
        "tokenMock": 0n,
      },
    },
    "caller": "executor",
    "contract": "cpp",
    "events": Array [
      Object {
        "args": Array [
          "payer",
          "cpp",
          255913577n,
        ],
        "contract": "tokenMock",
        "name": "Transfer",
      },
      Object {
        "args": Array [
          "0x0000000000000000000000000000000000000000000000000000000000000001",
          "payer",
          "0x010000000000075bcd150000000007e52154000000000f40ee69",
        ],
        "contract": "cpp",
        "name": "PaymentMade",
      },
      Object {
        "args": Array [
          "cashbackTreasury",
          "cc",
          12350000n,
        ],
        "contract": "tokenMock",
        "name": "Transfer",
      },
      Object {
        "args": Array [
          "cc",
          "payer",
          12350000n,
        ],
        "contract": "tokenMock",
        "name": "Transfer",
      },
      Object {
        "args": Array [
          "0x0000000000000000000000000000000000000000000000000000000000000001",
          "payer",
          1n,
          12350000n,
        ],
        "contract": "cc",
        "name": "CashbackSent",
      },
    ],
    "methodFragment": FunctionFragment {
      "constant": false,
      "gas": null,
      "inputs": Array [
        ParamType {
          "arrayChildren": null,
          "arrayLength": null,
          "baseType": "bytes32",
          "components": null,
          "indexed": undefined,
          "name": "paymentId",
          "type": "bytes32",
        },
        ParamType {
          "arrayChildren": null,
          "arrayLength": null,
          "baseType": "address",
          "components": null,
          "indexed": undefined,
          "name": "payer",
          "type": "address",
        },
        ParamType {
          "arrayChildren": null,
          "arrayLength": null,
          "baseType": "uint256",
          "components": null,
          "indexed": undefined,
          "name": "baseAmount",
          "type": "uint256",
        },
        ParamType {
          "arrayChildren": null,
          "arrayLength": null,
          "baseType": "uint256",
          "components": null,
          "indexed": undefined,
          "name": "extraAmount",
          "type": "uint256",
        },
        ParamType {
          "arrayChildren": null,
          "arrayLength": null,
          "baseType": "address",
          "components": null,
          "indexed": undefined,
          "name": "sponsor",
          "type": "address",
        },
        ParamType {
          "arrayChildren": null,
          "arrayLength": null,
          "baseType": "uint256",
          "components": null,
          "indexed": undefined,
          "name": "subsidyLimit",
          "type": "uint256",
        },
        ParamType {
          "arrayChildren": null,
          "arrayLength": null,
          "baseType": "int256",
          "components": null,
          "indexed": undefined,
          "name": "cashbackRate_",
          "type": "int256",
        },
        ParamType {
          "arrayChildren": null,
          "arrayLength": null,
          "baseType": "uint256",
          "components": null,
          "indexed": undefined,
          "name": "confirmationAmount",
          "type": "uint256",
        },
      ],
      "name": "makePaymentFor",
      "outputs": Array [],
      "payable": false,
      "stateMutability": "nonpayable",
      "type": "function",
    },
    "type": "methodCall",
  },
  Object {
    "args": Array [
      "0x15329664604d03682072288280169130de19772c981dd9c6854da7b9b784b10e",
      "payer",
      2876500000n,
      0n,
      "0x0000000000000000000000000000000000000000",
      0n,
      -1n,
      0n,
    ],
    "balances": Object {
      "tokenMock": Object {
        "cashOutAccount": 0n,
        "cashbackTreasury": 57896044618658097711785492504343953926634992332820282019728792003956264819967n,
        "cc": 0n,
        "cpp": 3132413577n,
        "deployer": 0n,
        "executor": 0n,
        "payer": 997167586423n,
        "tokenMock": 0n,
      },
    },
    "caller": "executor",
    "contract": "cpp",
    "events": Array [
      Object {
        "args": Array [
          "payer",
          "cpp",
          2876500000n,
        ],
        "contract": "tokenMock",
        "name": "Transfer",
      },
      Object {
        "args": Array [
          "0x15329664604d03682072288280169130de19772c981dd9c6854da7b9b784b10e",
          "payer",
          "0x010000000000ab73e820000000000000000000000000ab73e820",
        ],
        "contract": "cpp",
        "name": "PaymentMade",
      },
      Object {
        "args": Array [
          "cashbackTreasury",
          "cc",
          287650000n,
        ],
        "contract": "tokenMock",
        "name": "Transfer",
      },
      Object {
        "args": Array [
          "cc",
          "payer",
          287650000n,
        ],
        "contract": "tokenMock",
        "name": "Transfer",
      },
      Object {
        "args": Array [
          "0x15329664604d03682072288280169130de19772c981dd9c6854da7b9b784b10e",
          "payer",
          1n,
          287650000n,
        ],
        "contract": "cc",
        "name": "CashbackSent",
      },
    ],
    "methodFragment": FunctionFragment {
      "constant": false,
      "gas": null,
      "inputs": Array [
        ParamType {
          "arrayChildren": null,
          "arrayLength": null,
          "baseType": "bytes32",
          "components": null,
          "indexed": undefined,
          "name": "paymentId",
          "type": "bytes32",
        },
        ParamType {
          "arrayChildren": null,
          "arrayLength": null,
          "baseType": "address",
          "components": null,
          "indexed": undefined,
          "name": "payer",
          "type": "address",
        },
        ParamType {
          "arrayChildren": null,
          "arrayLength": null,
          "baseType": "uint256",
          "components": null,
          "indexed": undefined,
          "name": "baseAmount",
          "type": "uint256",
        },
        ParamType {
          "arrayChildren": null,
          "arrayLength": null,
          "baseType": "uint256",
          "components": null,
          "indexed": undefined,
          "name": "extraAmount",
          "type": "uint256",
        },
        ParamType {
          "arrayChildren": null,
          "arrayLength": null,
          "baseType": "address",
          "components": null,
          "indexed": undefined,
          "name": "sponsor",
          "type": "address",
        },
        ParamType {
          "arrayChildren": null,
          "arrayLength": null,
          "baseType": "uint256",
          "components": null,
          "indexed": undefined,
          "name": "subsidyLimit",
          "type": "uint256",
        },
        ParamType {
          "arrayChildren": null,
          "arrayLength": null,
          "baseType": "int256",
          "components": null,
          "indexed": undefined,
          "name": "cashbackRate_",
          "type": "int256",
        },
        ParamType {
          "arrayChildren": null,
          "arrayLength": null,
          "baseType": "uint256",
          "components": null,
          "indexed": undefined,
          "name": "confirmationAmount",
          "type": "uint256",
        },
      ],
      "name": "makePaymentFor",
      "outputs": Array [],
      "payable": false,
      "stateMutability": "nonpayable",
      "type": "function",
    },
    "type": "methodCall",
  },
  Object {
    "args": Array [
      "0x0000000000000000000000000000000000000000000000000000000000000001",
    ],
    "balances": Object {
      "tokenMock": Object {
        "cashOutAccount": 0n,
        "cashbackTreasury": 57896044618658097711785492504343953926634992332820282019728792003956277169967n,
        "cc": 0n,
        "cpp": 2876500000n,
        "deployer": 0n,
        "executor": 0n,
        "payer": 997411150000n,
        "tokenMock": 0n,
      },
    },
    "caller": "executor",
    "contract": "cpp",
    "events": Array [
      Object {
        "args": Array [
          "cpp",
          "payer",
          255913577n,
        ],
        "contract": "tokenMock",
        "name": "Transfer",
      },
      Object {
        "args": Array [
          "0x0000000000000000000000000000000000000000000000000000000000000001",
          "payer",
          "0x010000000000075bcd150000000007e52154000000000f40ee69",
        ],
        "contract": "cpp",
        "name": "PaymentRevoked",
      },
      Object {
        "args": Array [
          "payer",
          "cc",
          12350000n,
        ],
        "contract": "tokenMock",
        "name": "Transfer",
      },
      Object {
        "args": Array [
          "cc",
          "cashbackTreasury",
          12350000n,
        ],
        "contract": "tokenMock",
        "name": "Transfer",
      },
      Object {
        "args": Array [
          "0x0000000000000000000000000000000000000000000000000000000000000001",
          "payer",
          1n,
          12350000n,
          0n,
        ],
        "contract": "cc",
        "name": "CashbackRevoked",
      },
    ],
    "methodFragment": FunctionFragment {
      "constant": false,
      "gas": null,
      "inputs": Array [
        ParamType {
          "arrayChildren": null,
          "arrayLength": null,
          "baseType": "bytes32",
          "components": null,
          "indexed": undefined,
          "name": "paymentId",
          "type": "bytes32",
        },
      ],
      "name": "revokePayment",
      "outputs": Array [],
      "payable": false,
      "stateMutability": "nonpayable",
      "type": "function",
    },
    "type": "methodCall",
  },
  Object {
    "args": Array [
      "0x0000000000000000000000000000000000000000000000000000000000000001",
      "payer",
      123456789n,
      132456788n,
      "0x0000000000000000000000000000000000000000",
      0n,
      -1n,
      0n,
    ],
    "balances": Object {
      "tokenMock": Object {
        "cashOutAccount": 0n,
        "cashbackTreasury": 57896044618658097711785492504343953926634992332820282019728792003956264819967n,
        "cc": 0n,
        "cpp": 3132413577n,
        "deployer": 0n,
        "executor": 0n,
        "payer": 997167586423n,
        "tokenMock": 0n,
      },
    },
    "caller": "executor",
    "contract": "cpp",
    "events": Array [
      Object {
        "args": Array [
          "payer",
          "cpp",
          255913577n,
        ],
        "contract": "tokenMock",
        "name": "Transfer",
      },
      Object {
        "args": Array [
          "0x0000000000000000000000000000000000000000000000000000000000000001",
          "payer",
          "0x010000000000075bcd150000000007e52154000000000f40ee69",
        ],
        "contract": "cpp",
        "name": "PaymentMade",
      },
      Object {
        "args": Array [
          "cashbackTreasury",
          "cc",
          12350000n,
        ],
        "contract": "tokenMock",
        "name": "Transfer",
      },
      Object {
        "args": Array [
          "cc",
          "payer",
          12350000n,
        ],
        "contract": "tokenMock",
        "name": "Transfer",
      },
      Object {
        "args": Array [
          "0x0000000000000000000000000000000000000000000000000000000000000001",
          "payer",
          1n,
          12350000n,
        ],
        "contract": "cc",
        "name": "CashbackSent",
      },
    ],
    "methodFragment": FunctionFragment {
      "constant": false,
      "gas": null,
      "inputs": Array [
        ParamType {
          "arrayChildren": null,
          "arrayLength": null,
          "baseType": "bytes32",
          "components": null,
          "indexed": undefined,
          "name": "paymentId",
          "type": "bytes32",
        },
        ParamType {
          "arrayChildren": null,
          "arrayLength": null,
          "baseType": "address",
          "components": null,
          "indexed": undefined,
          "name": "payer",
          "type": "address",
        },
        ParamType {
          "arrayChildren": null,
          "arrayLength": null,
          "baseType": "uint256",
          "components": null,
          "indexed": undefined,
          "name": "baseAmount",
          "type": "uint256",
        },
        ParamType {
          "arrayChildren": null,
          "arrayLength": null,
          "baseType": "uint256",
          "components": null,
          "indexed": undefined,
          "name": "extraAmount",
          "type": "uint256",
        },
        ParamType {
          "arrayChildren": null,
          "arrayLength": null,
          "baseType": "address",
          "components": null,
          "indexed": undefined,
          "name": "sponsor",
          "type": "address",
        },
        ParamType {
          "arrayChildren": null,
          "arrayLength": null,
          "baseType": "uint256",
          "components": null,
          "indexed": undefined,
          "name": "subsidyLimit",
          "type": "uint256",
        },
        ParamType {
          "arrayChildren": null,
          "arrayLength": null,
          "baseType": "int256",
          "components": null,
          "indexed": undefined,
          "name": "cashbackRate_",
          "type": "int256",
        },
        ParamType {
          "arrayChildren": null,
          "arrayLength": null,
          "baseType": "uint256",
          "components": null,
          "indexed": undefined,
          "name": "confirmationAmount",
          "type": "uint256",
        },
      ],
      "name": "makePaymentFor",
      "outputs": Array [],
      "payable": false,
      "stateMutability": "nonpayable",
      "type": "function",
    },
    "type": "methodCall",
  },
  Object {
    "args": Array [
      "0x0000000000000000000000000000000000000000000000000000000000000002",
      "payer",
      123456789n,
      132456788n,
      "0x0000000000000000000000000000000000000000",
      0n,
      -1n,
      0n,
    ],
    "balances": Object {
      "tokenMock": Object {
        "cashOutAccount": 0n,
        "cashbackTreasury": 57896044618658097711785492504343953926634992332820282019728792003956252469967n,
        "cc": 0n,
        "cpp": 3388327154n,
        "deployer": 0n,
        "executor": 0n,
        "payer": 996924022846n,
        "tokenMock": 0n,
      },
    },
    "caller": "executor",
    "contract": "cpp",
    "events": Array [
      Object {
        "args": Array [
          "payer",
          "cpp",
          255913577n,
        ],
        "contract": "tokenMock",
        "name": "Transfer",
      },
      Object {
        "args": Array [
          "0x0000000000000000000000000000000000000000000000000000000000000002",
          "payer",
          "0x010000000000075bcd150000000007e52154000000000f40ee69",
        ],
        "contract": "cpp",
        "name": "PaymentMade",
      },
      Object {
        "args": Array [
          "cashbackTreasury",
          "cc",
          12350000n,
        ],
        "contract": "tokenMock",
        "name": "Transfer",
      },
      Object {
        "args": Array [
          "cc",
          "payer",
          12350000n,
        ],
        "contract": "tokenMock",
        "name": "Transfer",
      },
      Object {
        "args": Array [
          "0x0000000000000000000000000000000000000000000000000000000000000002",
          "payer",
          1n,
          12350000n,
        ],
        "contract": "cc",
        "name": "CashbackSent",
      },
    ],
    "methodFragment": FunctionFragment {
      "constant": false,
      "gas": null,
      "inputs": Array [
        ParamType {
          "arrayChildren": null,
          "arrayLength": null,
          "baseType": "bytes32",
          "components": null,
          "indexed": undefined,
          "name": "paymentId",
          "type": "bytes32",
        },
        ParamType {
          "arrayChildren": null,
          "arrayLength": null,
          "baseType": "address",
          "components": null,
          "indexed": undefined,
          "name": "payer",
          "type": "address",
        },
        ParamType {
          "arrayChildren": null,
          "arrayLength": null,
          "baseType": "uint256",
          "components": null,
          "indexed": undefined,
          "name": "baseAmount",
          "type": "uint256",
        },
        ParamType {
          "arrayChildren": null,
          "arrayLength": null,
          "baseType": "uint256",
          "components": null,
          "indexed": undefined,
          "name": "extraAmount",
          "type": "uint256",
        },
        ParamType {
          "arrayChildren": null,
          "arrayLength": null,
          "baseType": "address",
          "components": null,
          "indexed": undefined,
          "name": "sponsor",
          "type": "address",
        },
        ParamType {
          "arrayChildren": null,
          "arrayLength": null,
          "baseType": "uint256",
          "components": null,
          "indexed": undefined,
          "name": "subsidyLimit",
          "type": "uint256",
        },
        ParamType {
          "arrayChildren": null,
          "arrayLength": null,
          "baseType": "int256",
          "components": null,
          "indexed": undefined,
          "name": "cashbackRate_",
          "type": "int256",
        },
        ParamType {
          "arrayChildren": null,
          "arrayLength": null,
          "baseType": "uint256",
          "components": null,
          "indexed": undefined,
          "name": "confirmationAmount",
          "type": "uint256",
        },
      ],
      "name": "makePaymentFor",
      "outputs": Array [],
      "payable": false,
      "stateMutability": "nonpayable",
      "type": "function",
    },
    "type": "methodCall",
  },
  Object {
    "args": Array [
      "0x0000000000000000000000000000000000000000000000000000000000000001",
    ],
    "balances": Object {
      "tokenMock": Object {
        "cashOutAccount": 0n,
        "cashbackTreasury": 57896044618658097711785492504343953926634992332820282019728792003956264819967n,
        "cc": 0n,
        "cpp": 3132413577n,
        "deployer": 0n,
        "executor": 0n,
        "payer": 997167586423n,
        "tokenMock": 0n,
      },
    },
    "caller": "executor",
    "contract": "cpp",
    "events": Array [
      Object {
        "args": Array [
          "cpp",
          "payer",
          255913577n,
        ],
        "contract": "tokenMock",
        "name": "Transfer",
      },
      Object {
        "args": Array [
          "0x0000000000000000000000000000000000000000000000000000000000000001",
          "payer",
          "0x010000000000075bcd150000000007e52154000000000f40ee69",
        ],
        "contract": "cpp",
        "name": "PaymentRevoked",
      },
      Object {
        "args": Array [
          "payer",
          "cc",
          12350000n,
        ],
        "contract": "tokenMock",
        "name": "Transfer",
      },
      Object {
        "args": Array [
          "cc",
          "cashbackTreasury",
          12350000n,
        ],
        "contract": "tokenMock",
        "name": "Transfer",
      },
      Object {
        "args": Array [
          "0x0000000000000000000000000000000000000000000000000000000000000001",
          "payer",
          1n,
          12350000n,
          0n,
        ],
        "contract": "cc",
        "name": "CashbackRevoked",
      },
    ],
    "methodFragment": FunctionFragment {
      "constant": false,
      "gas": null,
      "inputs": Array [
        ParamType {
          "arrayChildren": null,
          "arrayLength": null,
          "baseType": "bytes32",
          "components": null,
          "indexed": undefined,
          "name": "paymentId",
          "type": "bytes32",
        },
      ],
      "name": "revokePayment",
      "outputs": Array [],
      "payable": false,
      "stateMutability": "nonpayable",
      "type": "function",
    },
    "type": "methodCall",
  },
]
`;
